// Jest Snapshot v1, https://goo.gl/fbAQLP

exports[`should render the component correctly 1`] = `
<View
  accessible={true}
  focusable={false}
  onClick={[Function]}
  onResponderGrant={[Function]}
  onResponderMove={[Function]}
  onResponderRelease={[Function]}
  onResponderTerminate={[Function]}
  onResponderTerminationRequest={[Function]}
  onStartShouldSetResponder={[Function]}
  style={
    Object {
      "alignItems": "center",
      "backgroundColor": "#ffff",
      "borderColor": "#e6e9ee",
      "borderRadius": 8,
      "borderWidth": 1,
      "justifyContent": "center",
      "marginHorizontal": 16,
      "marginVertical": 8,
      "opacity": 1,
    }
  }
  testID="goalItem-13"
>
  <Text
    style={
      Array [
        Object {
          "fontSize": 18,
          "textAlign": "center",
        },
      ]
    }
  >
    13. test 13
  </Text>
  <Text />
</View>
`;
